// Jest Snapshot v1, https://goo.gl/fbAQLP

exports[`<Layout> it renders the expected tree 1`] = `
<header
  className="App-header"
/>
`;
